// Jest Snapshot v1, https://goo.gl/fbAQLP

exports[`renders correctly 1`] = `
<GoogleMap
  debounced={true}
  defaultCenter={undefined}
  defaultZoom={undefined}
  distanceToMouse={[Function]}
  googleMapLoader={[Function]}
  heatmap={Object {}}
  heatmapLibrary={false}
  hoverDistance={30}
  layerTypes={Array []}
  options={[Function]}
  style={
    Object {
      "height": "100%",
      "margin": 0,
      "padding": 0,
      "position": "relative",
      "width": "100%",
    }
  }
  yesIWantToUseGoogleMapApiInternals={false}
/>
`;
